// Jest Snapshot v1, https://goo.gl/fbAQLP

exports[`should render header correctly 1`] = `
<header>
  <h1>
    Expensify
  </h1>
  <NavLink
    activeClassName="is-acrtive"
    aria-current="page"
    to="/dashboard"
  >
    Dashboard
  </NavLink>
  <NavLink
    activeClassName="is-acrtive"
    aria-current="page"
    to="/create"
  >
    Create Expense
  </NavLink>
  <button>
    Logout
  </button>
</header>
`;
